Archive member included to satisfy reference by file (symbol)

c:/program files (x86)/atmel/studio/7.0/toolchain/arm/arm-gnu-toolchain/bin/../lib/gcc/arm-none-eabi/6.2.1/../../../../arm-none-eabi/lib/thumb/v7e-m\libc.a(lib_a-exit.o)
                              c:/program files (x86)/atmel/studio/7.0/toolchain/arm/arm-gnu-toolchain/bin/../lib/gcc/arm-none-eabi/6.2.1/../../../../arm-none-eabi/lib/thumb/v7e-m/crt0.o (exit)
c:/program files (x86)/atmel/studio/7.0/toolchain/arm/arm-gnu-toolchain/bin/../lib/gcc/arm-none-eabi/6.2.1/../../../../arm-none-eabi/lib/thumb/v7e-m\libc.a(lib_a-impure.o)
                              c:/program files (x86)/atmel/studio/7.0/toolchain/arm/arm-gnu-toolchain/bin/../lib/gcc/arm-none-eabi/6.2.1/../../../../arm-none-eabi/lib/thumb/v7e-m\libc.a(lib_a-exit.o) (_global_impure_ptr)
c:/program files (x86)/atmel/studio/7.0/toolchain/arm/arm-gnu-toolchain/bin/../lib/gcc/arm-none-eabi/6.2.1/../../../../arm-none-eabi/lib/thumb/v7e-m\libc.a(lib_a-init.o)
                              c:/program files (x86)/atmel/studio/7.0/toolchain/arm/arm-gnu-toolchain/bin/../lib/gcc/arm-none-eabi/6.2.1/../../../../arm-none-eabi/lib/thumb/v7e-m/crt0.o (__libc_init_array)
c:/program files (x86)/atmel/studio/7.0/toolchain/arm/arm-gnu-toolchain/bin/../lib/gcc/arm-none-eabi/6.2.1/../../../../arm-none-eabi/lib/thumb/v7e-m\libc.a(lib_a-memset.o)
                              c:/program files (x86)/atmel/studio/7.0/toolchain/arm/arm-gnu-toolchain/bin/../lib/gcc/arm-none-eabi/6.2.1/../../../../arm-none-eabi/lib/thumb/v7e-m/crt0.o (memset)
c:/program files (x86)/atmel/studio/7.0/toolchain/arm/arm-gnu-toolchain/bin/../lib/gcc/arm-none-eabi/6.2.1/../../../../arm-none-eabi/lib/thumb/v7e-m\libc.a(lib_a-__call_atexit.o)
                              c:/program files (x86)/atmel/studio/7.0/toolchain/arm/arm-gnu-toolchain/bin/../lib/gcc/arm-none-eabi/6.2.1/../../../../arm-none-eabi/lib/thumb/v7e-m\libc.a(lib_a-exit.o) (__call_exitprocs)
c:/program files (x86)/atmel/studio/7.0/toolchain/arm/arm-gnu-toolchain/bin/../lib/gcc/arm-none-eabi/6.2.1/../../../../arm-none-eabi/lib/thumb/v7e-m\libc.a(lib_a-atexit.o)
                              c:/program files (x86)/atmel/studio/7.0/toolchain/arm/arm-gnu-toolchain/bin/../lib/gcc/arm-none-eabi/6.2.1/../../../../arm-none-eabi/lib/thumb/v7e-m\libc.a(lib_a-__call_atexit.o) (atexit)
c:/program files (x86)/atmel/studio/7.0/toolchain/arm/arm-gnu-toolchain/bin/../lib/gcc/arm-none-eabi/6.2.1/../../../../arm-none-eabi/lib/thumb/v7e-m\libc.a(lib_a-fini.o)
                              c:/program files (x86)/atmel/studio/7.0/toolchain/arm/arm-gnu-toolchain/bin/../lib/gcc/arm-none-eabi/6.2.1/../../../../arm-none-eabi/lib/thumb/v7e-m\libc.a(lib_a-__call_atexit.o) (__libc_fini_array)
c:/program files (x86)/atmel/studio/7.0/toolchain/arm/arm-gnu-toolchain/bin/../lib/gcc/arm-none-eabi/6.2.1/../../../../arm-none-eabi/lib/thumb/v7e-m\libc.a(lib_a-__atexit.o)
                              c:/program files (x86)/atmel/studio/7.0/toolchain/arm/arm-gnu-toolchain/bin/../lib/gcc/arm-none-eabi/6.2.1/../../../../arm-none-eabi/lib/thumb/v7e-m\libc.a(lib_a-atexit.o) (__register_exitproc)

Discarded input sections

 .text          0x00000000        0x0 c:/program files (x86)/atmel/studio/7.0/toolchain/arm/arm-gnu-toolchain/bin/../lib/gcc/arm-none-eabi/6.2.1/thumb/v7e-m/crti.o
 .data          0x00000000        0x0 c:/program files (x86)/atmel/studio/7.0/toolchain/arm/arm-gnu-toolchain/bin/../lib/gcc/arm-none-eabi/6.2.1/thumb/v7e-m/crti.o
 .bss           0x00000000        0x0 c:/program files (x86)/atmel/studio/7.0/toolchain/arm/arm-gnu-toolchain/bin/../lib/gcc/arm-none-eabi/6.2.1/thumb/v7e-m/crti.o
 .data          0x00000000        0x4 c:/program files (x86)/atmel/studio/7.0/toolchain/arm/arm-gnu-toolchain/bin/../lib/gcc/arm-none-eabi/6.2.1/thumb/v7e-m/crtbegin.o
 .text          0x00000000       0x74 c:/program files (x86)/atmel/studio/7.0/toolchain/arm/arm-gnu-toolchain/bin/../lib/gcc/arm-none-eabi/6.2.1/../../../../arm-none-eabi/lib/thumb/v7e-m/crt0.o
 .data          0x00000000        0x0 c:/program files (x86)/atmel/studio/7.0/toolchain/arm/arm-gnu-toolchain/bin/../lib/gcc/arm-none-eabi/6.2.1/../../../../arm-none-eabi/lib/thumb/v7e-m/crt0.o
 .bss           0x00000000        0x0 c:/program files (x86)/atmel/studio/7.0/toolchain/arm/arm-gnu-toolchain/bin/../lib/gcc/arm-none-eabi/6.2.1/../../../../arm-none-eabi/lib/thumb/v7e-m/crt0.o
 .ARM.extab     0x00000000        0x0 c:/program files (x86)/atmel/studio/7.0/toolchain/arm/arm-gnu-toolchain/bin/../lib/gcc/arm-none-eabi/6.2.1/../../../../arm-none-eabi/lib/thumb/v7e-m/crt0.o
 .ARM.exidx     0x00000000        0x8 c:/program files (x86)/atmel/studio/7.0/toolchain/arm/arm-gnu-toolchain/bin/../lib/gcc/arm-none-eabi/6.2.1/../../../../arm-none-eabi/lib/thumb/v7e-m/crt0.o
 .ARM.attributes
                0x00000000       0x1c c:/program files (x86)/atmel/studio/7.0/toolchain/arm/arm-gnu-toolchain/bin/../lib/gcc/arm-none-eabi/6.2.1/../../../../arm-none-eabi/lib/thumb/v7e-m/crt0.o
 .group         0x00000000        0x8 Device_Startup/startup_samv71q21.o
 .group         0x00000000        0x8 Device_Startup/startup_samv71q21.o
 .group         0x00000000        0x8 Device_Startup/startup_samv71q21.o
 .group         0x00000000        0x8 Device_Startup/startup_samv71q21.o
 .group         0x00000000        0x8 Device_Startup/startup_samv71q21.o
 .group         0x00000000        0x8 Device_Startup/startup_samv71q21.o
 .group         0x00000000        0x8 Device_Startup/startup_samv71q21.o
 .group         0x00000000        0x8 Device_Startup/startup_samv71q21.o
 .group         0x00000000        0x8 Device_Startup/startup_samv71q21.o
 .group         0x00000000        0x8 Device_Startup/startup_samv71q21.o
 .group         0x00000000        0x8 Device_Startup/startup_samv71q21.o
 .group         0x00000000        0x8 Device_Startup/startup_samv71q21.o
 .group         0x00000000        0x8 Device_Startup/startup_samv71q21.o
 .group         0x00000000        0x8 Device_Startup/startup_samv71q21.o
 .group         0x00000000        0x8 Device_Startup/startup_samv71q21.o
 .group         0x00000000        0x8 Device_Startup/startup_samv71q21.o
 .group         0x00000000        0x8 Device_Startup/startup_samv71q21.o
 .group         0x00000000        0x8 Device_Startup/startup_samv71q21.o
 .group         0x00000000        0x8 Device_Startup/startup_samv71q21.o
 .group         0x00000000        0x8 Device_Startup/startup_samv71q21.o
 .group         0x00000000        0x8 Device_Startup/startup_samv71q21.o
 .group         0x00000000        0x8 Device_Startup/startup_samv71q21.o
 .group         0x00000000        0x8 Device_Startup/startup_samv71q21.o
 .group         0x00000000        0x8 Device_Startup/startup_samv71q21.o
 .group         0x00000000        0x8 Device_Startup/startup_samv71q21.o
 .group         0x00000000        0x8 Device_Startup/startup_samv71q21.o
 .group         0x00000000        0x8 Device_Startup/startup_samv71q21.o
 .group         0x00000000        0x8 Device_Startup/startup_samv71q21.o
 .group         0x00000000        0x8 Device_Startup/startup_samv71q21.o
 .group         0x00000000        0x8 Device_Startup/startup_samv71q21.o
 .group         0x00000000        0x8 Device_Startup/startup_samv71q21.o
 .group         0x00000000        0x8 Device_Startup/startup_samv71q21.o
 .group         0x00000000        0x8 Device_Startup/startup_samv71q21.o
 .group         0x00000000        0x8 Device_Startup/startup_samv71q21.o
 .group         0x00000000        0x8 Device_Startup/startup_samv71q21.o
 .group         0x00000000        0x8 Device_Startup/startup_samv71q21.o
 .group         0x00000000        0x8 Device_Startup/startup_samv71q21.o
 .group         0x00000000        0x8 Device_Startup/startup_samv71q21.o
 .group         0x00000000        0x8 Device_Startup/startup_samv71q21.o
 .group         0x00000000        0x8 Device_Startup/startup_samv71q21.o
 .group         0x00000000        0x8 Device_Startup/startup_samv71q21.o
 .group         0x00000000        0x8 Device_Startup/startup_samv71q21.o
 .group         0x00000000        0x8 Device_Startup/startup_samv71q21.o
 .group         0x00000000        0x8 Device_Startup/startup_samv71q21.o
 .group         0x00000000        0x8 Device_Startup/startup_samv71q21.o
 .group         0x00000000        0x8 Device_Startup/startup_samv71q21.o
 .group         0x00000000        0x8 Device_Startup/startup_samv71q21.o
 .group         0x00000000        0x8 Device_Startup/startup_samv71q21.o
 .group         0x00000000        0x8 Device_Startup/startup_samv71q21.o
 .group         0x00000000        0x8 Device_Startup/startup_samv71q21.o
 .group         0x00000000        0x8 Device_Startup/startup_samv71q21.o
 .group         0x00000000        0x8 Device_Startup/startup_samv71q21.o
 .group         0x00000000        0x8 Device_Startup/startup_samv71q21.o
 .group         0x00000000        0x8 Device_Startup/startup_samv71q21.o
 .group         0x00000000        0x8 Device_Startup/startup_samv71q21.o
 .group         0x00000000        0x8 Device_Startup/startup_samv71q21.o
 .group         0x00000000        0x8 Device_Startup/startup_samv71q21.o
 .group         0x00000000        0x8 Device_Startup/startup_samv71q21.o
 .group         0x00000000        0x8 Device_Startup/startup_samv71q21.o
 .group         0x00000000        0x8 Device_Startup/startup_samv71q21.o
 .group         0x00000000        0x8 Device_Startup/startup_samv71q21.o
 .group         0x00000000        0x8 Device_Startup/startup_samv71q21.o
 .group         0x00000000        0x8 Device_Startup/startup_samv71q21.o
 .group         0x00000000        0x8 Device_Startup/startup_samv71q21.o
 .group         0x00000000        0x8 Device_Startup/startup_samv71q21.o
 .group         0x00000000        0x8 Device_Startup/startup_samv71q21.o
 .group         0x00000000        0x8 Device_Startup/startup_samv71q21.o
 .group         0x00000000        0x8 Device_Startup/startup_samv71q21.o
 .group         0x00000000        0x8 Device_Startup/startup_samv71q21.o
 .group         0x00000000        0x8 Device_Startup/startup_samv71q21.o
 .group         0x00000000        0x8 Device_Startup/startup_samv71q21.o
 .group         0x00000000        0x8 Device_Startup/startup_samv71q21.o
 .group         0x00000000        0x8 Device_Startup/startup_samv71q21.o
 .group         0x00000000        0x8 Device_Startup/startup_samv71q21.o
 .group         0x00000000        0x8 Device_Startup/startup_samv71q21.o
 .group         0x00000000        0x8 Device_Startup/startup_samv71q21.o
 .group         0x00000000        0x8 Device_Startup/startup_samv71q21.o
 .group         0x00000000        0x8 Device_Startup/startup_samv71q21.o
 .group         0x00000000        0x8 Device_Startup/startup_samv71q21.o
 .group         0x00000000        0x8 Device_Startup/startup_samv71q21.o
 .group         0x00000000        0x8 Device_Startup/startup_samv71q21.o
 .group         0x00000000        0x8 Device_Startup/startup_samv71q21.o
 .group         0x00000000        0x8 Device_Startup/startup_samv71q21.o
 .group         0x00000000        0x8 Device_Startup/startup_samv71q21.o
 .group         0x00000000        0x8 Device_Startup/startup_samv71q21.o
 .group         0x00000000        0x8 Device_Startup/startup_samv71q21.o
 .group         0x00000000        0x8 Device_Startup/startup_samv71q21.o
 .group         0x00000000        0x8 Device_Startup/startup_samv71q21.o
 .group         0x00000000        0x8 Device_Startup/startup_samv71q21.o
 .group         0x00000000        0x8 Device_Startup/startup_samv71q21.o
 .group         0x00000000        0x8 Device_Startup/startup_samv71q21.o
 .group         0x00000000        0x8 Device_Startup/startup_samv71q21.o
 .group         0x00000000        0x8 Device_Startup/startup_samv71q21.o
 .group         0x00000000        0x8 Device_Startup/startup_samv71q21.o
 .group         0x00000000        0x8 Device_Startup/startup_samv71q21.o
 .group         0x00000000        0x8 Device_Startup/startup_samv71q21.o
 .group         0x00000000        0x8 Device_Startup/startup_samv71q21.o
 .group         0x00000000        0x8 Device_Startup/startup_samv71q21.o
 .group         0x00000000        0x8 Device_Startup/startup_samv71q21.o
 .group         0x00000000        0x8 Device_Startup/startup_samv71q21.o
 .group         0x00000000        0x8 Device_Startup/startup_samv71q21.o
 .group         0x00000000        0x8 Device_Startup/startup_samv71q21.o
 .group         0x00000000        0x8 Device_Startup/startup_samv71q21.o
 .group         0x00000000        0x8 Device_Startup/startup_samv71q21.o
 .group         0x00000000        0x8 Device_Startup/startup_samv71q21.o
 .group         0x00000000        0x8 Device_Startup/startup_samv71q21.o
 .text          0x00000000        0x0 Device_Startup/startup_samv71q21.o
 .data          0x00000000        0x0 Device_Startup/startup_samv71q21.o
 .bss           0x00000000        0x0 Device_Startup/startup_samv71q21.o
 .group         0x00000000        0x8 Device_Startup/system_samv71q21.o
 .group         0x00000000        0x8 Device_Startup/system_samv71q21.o
 .group         0x00000000        0x8 Device_Startup/system_samv71q21.o
 .group         0x00000000        0x8 Device_Startup/system_samv71q21.o
 .group         0x00000000        0x8 Device_Startup/system_samv71q21.o
 .group         0x00000000        0x8 Device_Startup/system_samv71q21.o
 .group         0x00000000        0x8 Device_Startup/system_samv71q21.o
 .group         0x00000000        0x8 Device_Startup/system_samv71q21.o
 .group         0x00000000        0x8 Device_Startup/system_samv71q21.o
 .group         0x00000000        0x8 Device_Startup/system_samv71q21.o
 .group         0x00000000        0x8 Device_Startup/system_samv71q21.o
 .group         0x00000000        0x8 Device_Startup/system_samv71q21.o
 .group         0x00000000        0x8 Device_Startup/system_samv71q21.o
 .group         0x00000000        0x8 Device_Startup/system_samv71q21.o
 .group         0x00000000        0x8 Device_Startup/system_samv71q21.o
 .group         0x00000000        0x8 Device_Startup/system_samv71q21.o
 .group         0x00000000        0x8 Device_Startup/system_samv71q21.o
 .group         0x00000000        0x8 Device_Startup/system_samv71q21.o
 .group         0x00000000        0x8 Device_Startup/system_samv71q21.o
 .group         0x00000000        0x8 Device_Startup/system_samv71q21.o
 .group         0x00000000        0x8 Device_Startup/system_samv71q21.o
 .group         0x00000000        0x8 Device_Startup/system_samv71q21.o
 .group         0x00000000        0x8 Device_Startup/system_samv71q21.o
 .group         0x00000000        0x8 Device_Startup/system_samv71q21.o
 .group         0x00000000        0x8 Device_Startup/system_samv71q21.o
 .group         0x00000000        0x8 Device_Startup/system_samv71q21.o
 .group         0x00000000        0x8 Device_Startup/system_samv71q21.o
 .group         0x00000000        0x8 Device_Startup/system_samv71q21.o
 .group         0x00000000        0x8 Device_Startup/system_samv71q21.o
 .group         0x00000000        0x8 Device_Startup/system_samv71q21.o
 .group         0x00000000        0x8 Device_Startup/system_samv71q21.o
 .group         0x00000000        0x8 Device_Startup/system_samv71q21.o
 .group         0x00000000        0x8 Device_Startup/system_samv71q21.o
 .group         0x00000000        0x8 Device_Startup/system_samv71q21.o
 .group         0x00000000        0x8 Device_Startup/system_samv71q21.o
 .group         0x00000000        0x8 Device_Startup/system_samv71q21.o
 .group         0x00000000        0x8 Device_Startup/system_samv71q21.o
 .group         0x00000000        0x8 Device_Startup/system_samv71q21.o
 .group         0x00000000        0x8 Device_Startup/system_samv71q21.o
 .group         0x00000000        0x8 Device_Startup/system_samv71q21.o
 .group         0x00000000        0x8 Device_Startup/system_samv71q21.o
 .group         0x00000000        0x8 Device_Startup/system_samv71q21.o
 .group         0x00000000        0x8 Device_Startup/system_samv71q21.o
 .group         0x00000000        0x8 Device_Startup/system_samv71q21.o
 .group         0x00000000        0x8 Device_Startup/system_samv71q21.o
 .group         0x00000000        0x8 Device_Startup/system_samv71q21.o
 .group         0x00000000        0x8 Device_Startup/system_samv71q21.o
 .group         0x00000000        0x8 Device_Startup/system_samv71q21.o
 .group         0x00000000        0x8 Device_Startup/system_samv71q21.o
 .group         0x00000000        0x8 Device_Startup/system_samv71q21.o
 .group         0x00000000        0x8 Device_Startup/system_samv71q21.o
 .group         0x00000000        0x8 Device_Startup/system_samv71q21.o
 .group         0x00000000        0x8 Device_Startup/system_samv71q21.o
 .group         0x00000000        0x8 Device_Startup/system_samv71q21.o
 .group         0x00000000        0x8 Device_Startup/system_samv71q21.o
 .group         0x00000000        0x8 Device_Startup/system_samv71q21.o
 .group         0x00000000        0x8 Device_Startup/system_samv71q21.o
 .group         0x00000000        0x8 Device_Startup/system_samv71q21.o
 .group         0x00000000        0x8 Device_Startup/system_samv71q21.o
 .group         0x00000000        0x8 Device_Startup/system_samv71q21.o
 .group         0x00000000        0x8 Device_Startup/system_samv71q21.o
 .group         0x00000000        0x8 Device_Startup/system_samv71q21.o
 .group         0x00000000        0x8 Device_Startup/system_samv71q21.o
 .group         0x00000000        0x8 Device_Startup/system_samv71q21.o
 .group         0x00000000        0x8 Device_Startup/system_samv71q21.o
 .group         0x00000000        0x8 Device_Startup/system_samv71q21.o
 .group         0x00000000        0x8 Device_Startup/system_samv71q21.o
 .group         0x00000000        0x8 Device_Startup/system_samv71q21.o
 .group         0x00000000        0x8 Device_Startup/system_samv71q21.o
 .group         0x00000000        0x8 Device_Startup/system_samv71q21.o
 .group         0x00000000        0x8 Device_Startup/system_samv71q21.o
 .group         0x00000000        0x8 Device_Startup/system_samv71q21.o
 .group         0x00000000        0x8 Device_Startup/system_samv71q21.o
 .group         0x00000000        0x8 Device_Startup/system_samv71q21.o
 .group         0x00000000        0x8 Device_Startup/system_samv71q21.o
 .group         0x00000000        0x8 Device_Startup/system_samv71q21.o
 .group         0x00000000        0x8 Device_Startup/system_samv71q21.o
 .group         0x00000000        0x8 Device_Startup/system_samv71q21.o
 .group         0x00000000        0x8 Device_Startup/system_samv71q21.o
 .group         0x00000000        0x8 Device_Startup/system_samv71q21.o
 .group         0x00000000        0x8 Device_Startup/system_samv71q21.o
 .group         0x00000000        0x8 Device_Startup/system_samv71q21.o
 .group         0x00000000        0x8 Device_Startup/system_samv71q21.o
 .group         0x00000000        0x8 Device_Startup/system_samv71q21.o
 .group         0x00000000        0x8 Device_Startup/system_samv71q21.o
 .group         0x00000000        0x8 Device_Startup/system_samv71q21.o
 .group         0x00000000        0x8 Device_Startup/system_samv71q21.o
 .group         0x00000000        0x8 Device_Startup/system_samv71q21.o
 .group         0x00000000        0x8 Device_Startup/system_samv71q21.o
 .group         0x00000000        0x8 Device_Startup/system_samv71q21.o
 .group         0x00000000        0x8 Device_Startup/system_samv71q21.o
 .group         0x00000000        0x8 Device_Startup/system_samv71q21.o
 .group         0x00000000        0x8 Device_Startup/system_samv71q21.o
 .group         0x00000000        0x8 Device_Startup/system_samv71q21.o
 .group         0x00000000        0x8 Device_Startup/system_samv71q21.o
 .group         0x00000000        0x8 Device_Startup/system_samv71q21.o
 .group         0x00000000        0x8 Device_Startup/system_samv71q21.o
 .group         0x00000000        0x8 Device_Startup/system_samv71q21.o
 .group         0x00000000        0x8 Device_Startup/system_samv71q21.o
 .group         0x00000000        0x8 Device_Startup/system_samv71q21.o
 .group         0x00000000        0x8 Device_Startup/system_samv71q21.o
 .group         0x00000000        0x8 Device_Startup/system_samv71q21.o
 .group         0x00000000        0x8 Device_Startup/system_samv71q21.o
 .group         0x00000000        0x8 Device_Startup/system_samv71q21.o
 .group         0x00000000        0x8 Device_Startup/system_samv71q21.o
 .group         0x00000000        0x8 Device_Startup/system_samv71q21.o
 .text          0x00000000        0x0 Device_Startup/system_samv71q21.o
 .bss           0x00000000        0x0 Device_Startup/system_samv71q21.o
 .text.SystemCoreClockUpdate
                0x00000000       0x10 Device_Startup/system_samv71q21.o
 .debug_macro   0x00000000      0x8aa Device_Startup/system_samv71q21.o
 .debug_macro   0x00000000       0x22 Device_Startup/system_samv71q21.o
 .debug_macro   0x00000000       0x87 Device_Startup/system_samv71q21.o
 .debug_macro   0x00000000       0x51 Device_Startup/system_samv71q21.o
 .debug_macro   0x00000000       0xef Device_Startup/system_samv71q21.o
 .debug_macro   0x00000000       0x6a Device_Startup/system_samv71q21.o
 .debug_macro   0x00000000      0x1df Device_Startup/system_samv71q21.o
 .debug_macro   0x00000000       0x76 Device_Startup/system_samv71q21.o
 .debug_macro   0x00000000       0x3b Device_Startup/system_samv71q21.o
 .debug_macro   0x00000000       0x2d Device_Startup/system_samv71q21.o
 .debug_macro   0x00000000       0x26 Device_Startup/system_samv71q21.o
 .debug_macro   0x00000000      0xf9a Device_Startup/system_samv71q21.o
 .debug_macro   0x00000000      0x419 Device_Startup/system_samv71q21.o
 .debug_macro   0x00000000      0x726 Device_Startup/system_samv71q21.o
 .debug_macro   0x00000000     0x17ce Device_Startup/system_samv71q21.o
 .debug_macro   0x00000000      0x3b6 Device_Startup/system_samv71q21.o
 .debug_macro   0x00000000      0x868 Device_Startup/system_samv71q21.o
 .debug_macro   0x00000000      0x34d Device_Startup/system_samv71q21.o
 .debug_macro   0x00000000     0x3520 Device_Startup/system_samv71q21.o
 .debug_macro   0x00000000       0x40 Device_Startup/system_samv71q21.o
 .debug_macro   0x00000000     0x1099 Device_Startup/system_samv71q21.o
 .debug_macro   0x00000000      0x772 Device_Startup/system_samv71q21.o
 .debug_macro   0x00000000      0xbbc Device_Startup/system_samv71q21.o
 .debug_macro   0x00000000      0x591 Device_Startup/system_samv71q21.o
 .debug_macro   0x00000000     0x32d0 Device_Startup/system_samv71q21.o
 .debug_macro   0x00000000      0x6ba Device_Startup/system_samv71q21.o
 .debug_macro   0x00000000     0x8439 Device_Startup/system_samv71q21.o
 .debug_macro   0x00000000     0x32a8 Device_Startup/system_samv71q21.o
 .debug_macro   0x00000000     0x247e Device_Startup/system_samv71q21.o
 .debug_macro   0x00000000      0x8b6 Device_Startup/system_samv71q21.o
 .debug_macro   0x00000000      0x17d Device_Startup/system_samv71q21.o
 .debug_macro   0x00000000      0x116 Device_Startup/system_samv71q21.o
 .debug_macro   0x00000000      0x98d Device_Startup/system_samv71q21.o
 .debug_macro   0x00000000      0x121 Device_Startup/system_samv71q21.o
 .debug_macro   0x00000000      0x538 Device_Startup/system_samv71q21.o
 .debug_macro   0x00000000      0x41e Device_Startup/system_samv71q21.o
 .debug_macro   0x00000000      0x6d5 Device_Startup/system_samv71q21.o
 .debug_macro   0x00000000      0xb9b Device_Startup/system_samv71q21.o
 .debug_macro   0x00000000      0xf3a Device_Startup/system_samv71q21.o
 .debug_macro   0x00000000      0xbea Device_Startup/system_samv71q21.o
 .debug_macro   0x00000000      0x15d Device_Startup/system_samv71q21.o
 .debug_macro   0x00000000      0xc96 Device_Startup/system_samv71q21.o
 .debug_macro   0x00000000      0x652 Device_Startup/system_samv71q21.o
 .debug_macro   0x00000000     0x1242 Device_Startup/system_samv71q21.o
 .debug_macro   0x00000000     0x364a Device_Startup/system_samv71q21.o
 .debug_macro   0x00000000       0xb2 Device_Startup/system_samv71q21.o
 .debug_macro   0x00000000      0x12c Device_Startup/system_samv71q21.o
 .debug_macro   0x00000000     0x27be Device_Startup/system_samv71q21.o
 .debug_macro   0x00000000       0x4c Device_Startup/system_samv71q21.o
 .debug_macro   0x00000000      0x14c Device_Startup/system_samv71q21.o
 .debug_macro   0x00000000       0xca Device_Startup/system_samv71q21.o
 .debug_macro   0x00000000       0xca Device_Startup/system_samv71q21.o
 .debug_macro   0x00000000       0x16 Device_Startup/system_samv71q21.o
 .debug_macro   0x00000000       0x7c Device_Startup/system_samv71q21.o
 .debug_macro   0x00000000       0x46 Device_Startup/system_samv71q21.o
 .debug_macro   0x00000000      0x574 Device_Startup/system_samv71q21.o
 .debug_macro   0x00000000       0x40 Device_Startup/system_samv71q21.o
 .debug_macro   0x00000000      0x7ce Device_Startup/system_samv71q21.o
 .debug_macro   0x00000000       0xa6 Device_Startup/system_samv71q21.o
 .debug_macro   0x00000000       0xac Device_Startup/system_samv71q21.o
 .debug_macro   0x00000000      0x12f Device_Startup/system_samv71q21.o
 .debug_macro   0x00000000      0x126 Device_Startup/system_samv71q21.o
 .debug_macro   0x00000000      0x126 Device_Startup/system_samv71q21.o
 .debug_macro   0x00000000       0xe8 Device_Startup/system_samv71q21.o
 .debug_macro   0x00000000      0x185 Device_Startup/system_samv71q21.o
 .debug_macro   0x00000000      0x17e Device_Startup/system_samv71q21.o
 .debug_macro   0x00000000      0x17e Device_Startup/system_samv71q21.o
 .debug_macro   0x00000000      0x17e Device_Startup/system_samv71q21.o
 .debug_macro   0x00000000      0x17e Device_Startup/system_samv71q21.o
 .debug_macro   0x00000000      0x136 Device_Startup/system_samv71q21.o
 .debug_macro   0x00000000      0x31a Device_Startup/system_samv71q21.o
 .debug_macro   0x00000000      0x31a Device_Startup/system_samv71q21.o
 .debug_macro   0x00000000       0x82 Device_Startup/system_samv71q21.o
 .debug_macro   0x00000000       0x22 Device_Startup/system_samv71q21.o
 .debug_macro   0x00000000       0x22 Device_Startup/system_samv71q21.o
 .debug_macro   0x00000000       0x64 Device_Startup/system_samv71q21.o
 .debug_macro   0x00000000       0x28 Device_Startup/system_samv71q21.o
 .debug_macro   0x00000000       0x64 Device_Startup/system_samv71q21.o
 .debug_macro   0x00000000       0x94 Device_Startup/system_samv71q21.o
 .debug_macro   0x00000000       0x7c Device_Startup/system_samv71q21.o
 .debug_macro   0x00000000       0x7c Device_Startup/system_samv71q21.o
 .debug_macro   0x00000000       0x8e Device_Startup/system_samv71q21.o
 .debug_macro   0x00000000       0x3a Device_Startup/system_samv71q21.o
 .debug_macro   0x00000000      0x14b Device_Startup/system_samv71q21.o
 .debug_macro   0x00000000      0x14b Device_Startup/system_samv71q21.o
 .debug_macro   0x00000000      0x14b Device_Startup/system_samv71q21.o
 .debug_macro   0x00000000      0x14b Device_Startup/system_samv71q21.o
 .debug_macro   0x00000000       0x3a Device_Startup/system_samv71q21.o
 .debug_macro   0x00000000       0x88 Device_Startup/system_samv71q21.o
 .debug_macro   0x00000000       0x88 Device_Startup/system_samv71q21.o
 .debug_macro   0x00000000       0x88 Device_Startup/system_samv71q21.o
 .debug_macro   0x00000000       0x64 Device_Startup/system_samv71q21.o
 .debug_macro   0x00000000       0x64 Device_Startup/system_samv71q21.o
 .debug_macro   0x00000000       0x64 Device_Startup/system_samv71q21.o
 .debug_macro   0x00000000       0x64 Device_Startup/system_samv71q21.o
 .debug_macro   0x00000000       0x64 Device_Startup/system_samv71q21.o
 .debug_macro   0x00000000       0xdc Device_Startup/system_samv71q21.o
 .debug_macro   0x00000000       0xdc Device_Startup/system_samv71q21.o
 .debug_macro   0x00000000       0xdc Device_Startup/system_samv71q21.o
 .debug_macro   0x00000000      0x734 Device_Startup/system_samv71q21.o
 .debug_macro   0x00000000       0x16 Device_Startup/system_samv71q21.o
 .debug_macro   0x00000000       0x22 Device_Startup/system_samv71q21.o
 .debug_macro   0x00000000      0x9bf Device_Startup/system_samv71q21.o
 .debug_macro   0x00000000      0x575 Device_Startup/system_samv71q21.o
 .debug_macro   0x00000000     0x3ac8 Device_Startup/system_samv71q21.o
 .debug_macro   0x00000000      0x15b Device_Startup/system_samv71q21.o
 .group         0x00000000        0x8 main.o
 .group         0x00000000        0x8 main.o
 .group         0x00000000        0x8 main.o
 .group         0x00000000        0x8 main.o
 .group         0x00000000        0x8 main.o
 .group         0x00000000        0x8 main.o
 .group         0x00000000        0x8 main.o
 .group         0x00000000        0x8 main.o
 .group         0x00000000        0x8 main.o
 .group         0x00000000        0x8 main.o
 .group         0x00000000        0x8 main.o
 .group         0x00000000        0x8 main.o
 .group         0x00000000        0x8 main.o
 .group         0x00000000        0x8 main.o
 .group         0x00000000        0x8 main.o
 .group         0x00000000        0x8 main.o
 .group         0x00000000        0x8 main.o
 .group         0x00000000        0x8 main.o
 .group         0x00000000        0x8 main.o
 .group         0x00000000        0x8 main.o
 .group         0x00000000        0x8 main.o
 .group         0x00000000        0x8 main.o
 .group         0x00000000        0x8 main.o
 .group         0x00000000        0x8 main.o
 .group         0x00000000        0x8 main.o
 .group         0x00000000        0x8 main.o
 .group         0x00000000        0x8 main.o
 .group         0x00000000        0x8 main.o
 .group         0x00000000        0x8 main.o
 .group         0x00000000        0x8 main.o
 .group         0x00000000        0x8 main.o
 .group         0x00000000        0x8 main.o
 .group         0x00000000        0x8 main.o
 .group         0x00000000        0x8 main.o
 .group         0x00000000        0x8 main.o
 .group         0x00000000        0x8 main.o
 .group         0x00000000        0x8 main.o
 .group         0x00000000        0x8 main.o
 .group         0x00000000        0x8 main.o
 .group         0x00000000        0x8 main.o
 .group         0x00000000        0x8 main.o
 .group         0x00000000        0x8 main.o
 .group         0x00000000        0x8 main.o
 .group         0x00000000        0x8 main.o
 .group         0x00000000        0x8 main.o
 .group         0x00000000        0x8 main.o
 .group         0x00000000        0x8 main.o
 .group         0x00000000        0x8 main.o
 .group         0x00000000        0x8 main.o
 .group         0x00000000        0x8 main.o
 .group         0x00000000        0x8 main.o
 .group         0x00000000        0x8 main.o
 .group         0x00000000        0x8 main.o
 .group         0x00000000        0x8 main.o
 .group         0x00000000        0x8 main.o
 .group         0x00000000        0x8 main.o
 .group         0x00000000        0x8 main.o
 .group         0x00000000        0x8 main.o
 .group         0x00000000        0x8 main.o
 .group         0x00000000        0x8 main.o
 .group         0x00000000        0x8 main.o
 .group         0x00000000        0x8 main.o
 .group         0x00000000        0x8 main.o
 .group         0x00000000        0x8 main.o
 .group         0x00000000        0x8 main.o
 .group         0x00000000        0x8 main.o
 .group         0x00000000        0x8 main.o
 .group         0x00000000        0x8 main.o
 .group         0x00000000        0x8 main.o
 .group         0x00000000        0x8 main.o
 .group         0x00000000        0x8 main.o
 .group         0x00000000        0x8 main.o
 .group         0x00000000        0x8 main.o
 .group         0x00000000        0x8 main.o
 .group         0x00000000        0x8 main.o
 .group         0x00000000        0x8 main.o
 .group         0x00000000        0x8 main.o
 .group         0x00000000        0x8 main.o
 .group         0x00000000        0x8 main.o
 .group         0x00000000        0x8 main.o
 .group         0x00000000        0x8 main.o
 .group         0x00000000        0x8 main.o
 .group         0x00000000        0x8 main.o
 .group         0x00000000        0x8 main.o
 .group         0x00000000        0x8 main.o
 .group         0x00000000        0x8 main.o
 .group         0x00000000        0x8 main.o
 .group         0x00000000        0x8 main.o
 .group         0x00000000        0x8 main.o
 .group         0x00000000        0x8 main.o
 .group         0x00000000        0x8 main.o
 .group         0x00000000        0x8 main.o
 .group         0x00000000        0x8 main.o
 .group         0x00000000        0x8 main.o
 .group         0x00000000        0x8 main.o
 .group         0x00000000        0x8 main.o
 .group         0x00000000        0x8 main.o
 .group         0x00000000        0x8 main.o
 .group         0x00000000        0x8 main.o
 .group         0x00000000        0x8 main.o
 .group         0x00000000        0x8 main.o
 .group         0x00000000        0x8 main.o
 .group         0x00000000        0x8 main.o
 .group         0x00000000        0x8 main.o
 .group         0x00000000        0x8 main.o
 .group         0x00000000        0x8 main.o
 .text          0x00000000        0x0 main.o
 .data          0x00000000        0x0 main.o
 .bss           0x00000000        0x0 main.o
 .debug_macro   0x00000000      0x8aa main.o
 .debug_macro   0x00000000       0x22 main.o
 .debug_macro   0x00000000       0x87 main.o
 .debug_macro   0x00000000       0x51 main.o
 .debug_macro   0x00000000       0xef main.o
 .debug_macro   0x00000000       0x6a main.o
 .debug_macro   0x00000000      0x1df main.o
 .debug_macro   0x00000000       0x76 main.o
 .debug_macro   0x00000000       0x3b main.o
 .debug_macro   0x00000000       0x2d main.o
 .debug_macro   0x00000000       0x26 main.o
 .debug_macro   0x00000000      0xf9a main.o
 .debug_macro   0x00000000      0x419 main.o
 .debug_macro   0x00000000      0x726 main.o
 .debug_macro   0x00000000     0x17ce main.o
 .debug_macro   0x00000000      0x3b6 main.o
 .debug_macro   0x00000000      0x868 main.o
 .debug_macro   0x00000000      0x34d main.o
 .debug_macro   0x00000000     0x3520 main.o
 .debug_macro   0x00000000       0x40 main.o
 .debug_macro   0x00000000     0x1099 main.o
 .debug_macro   0x00000000      0x772 main.o
 .debug_macro   0x00000000      0xbbc main.o
 .debug_macro   0x00000000      0x591 main.o
 .debug_macro   0x00000000     0x32d0 main.o
 .debug_macro   0x00000000      0x6ba main.o
 .debug_macro   0x00000000     0x8439 main.o
 .debug_macro   0x00000000     0x32a8 main.o
 .debug_macro   0x00000000     0x247e main.o
 .debug_macro   0x00000000      0x8b6 main.o
 .debug_macro   0x00000000      0x17d main.o
 .debug_macro   0x00000000      0x116 main.o
 .debug_macro   0x00000000      0x98d main.o
 .debug_macro   0x00000000      0x121 main.o
 .debug_macro   0x00000000      0x538 main.o
 .debug_macro   0x00000000      0x41e main.o
 .debug_macro   0x00000000      0x6d5 main.o
 .debug_macro   0x00000000      0xb9b main.o
 .debug_macro   0x00000000      0xf3a main.o
 .debug_macro   0x00000000      0xbea main.o
 .debug_macro   0x00000000      0x15d main.o
 .debug_macro   0x00000000      0xc96 main.o
 .debug_macro   0x00000000      0x652 main.o
 .debug_macro   0x00000000     0x1242 main.o
 .debug_macro   0x00000000     0x364a main.o
 .debug_macro   0x00000000       0xb2 main.o
 .debug_macro   0x00000000      0x12c main.o
 .debug_macro   0x00000000     0x27be main.o
 .debug_macro   0x00000000       0x4c main.o
 .debug_macro   0x00000000      0x14c main.o
 .debug_macro   0x00000000       0xca main.o
 .debug_macro   0x00000000       0xca main.o
 .debug_macro   0x00000000       0x16 main.o
 .debug_macro   0x00000000       0x7c main.o
 .debug_macro   0x00000000       0x46 main.o
 .debug_macro   0x00000000      0x574 main.o
 .debug_macro   0x00000000       0x40 main.o
 .debug_macro   0x00000000      0x7ce main.o
 .debug_macro   0x00000000       0xa6 main.o
 .debug_macro   0x00000000       0xac main.o
 .debug_macro   0x00000000      0x12f main.o
 .debug_macro   0x00000000      0x126 main.o
 .debug_macro   0x00000000      0x126 main.o
 .debug_macro   0x00000000       0xe8 main.o
 .debug_macro   0x00000000      0x185 main.o
 .debug_macro   0x00000000      0x17e main.o
 .debug_macro   0x00000000      0x17e main.o
 .debug_macro   0x00000000      0x17e main.o
 .debug_macro   0x00000000      0x17e main.o
 .debug_macro   0x00000000      0x136 main.o
 .debug_macro   0x00000000      0x31a main.o
 .debug_macro   0x00000000      0x31a main.o
 .debug_macro   0x00000000       0x82 main.o
 .debug_macro   0x00000000       0x22 main.o
 .debug_macro   0x00000000       0x22 main.o
 .debug_macro   0x00000000       0x64 main.o
 .debug_macro   0x00000000       0x28 main.o
 .debug_macro   0x00000000       0x64 main.o
 .debug_macro   0x00000000       0x94 main.o
 .debug_macro   0x00000000       0x7c main.o
 .debug_macro   0x00000000       0x7c main.o
 .debug_macro   0x00000000       0x8e main.o
 .debug_macro   0x00000000       0x3a main.o
 .debug_macro   0x00000000      0x14b main.o
 .debug_macro   0x00000000      0x14b main.o
 .debug_macro   0x00000000      0x14b main.o
 .debug_macro   0x00000000      0x14b main.o
 .debug_macro   0x00000000       0x3a main.o
 .debug_macro   0x00000000       0x88 main.o
 .debug_macro   0x00000000       0x88 main.o
 .debug_macro   0x00000000       0x88 main.o
 .debug_macro   0x00000000       0x64 main.o
 .debug_macro   0x00000000       0x64 main.o
 .debug_macro   0x00000000       0x64 main.o
 .debug_macro   0x00000000       0x64 main.o
 .debug_macro   0x00000000       0x64 main.o
 .debug_macro   0x00000000       0xdc main.o
 .debug_macro   0x00000000       0xdc main.o
 .debug_macro   0x00000000       0xdc main.o
 .debug_macro   0x00000000      0x734 main.o
 .debug_macro   0x00000000       0x16 main.o
 .debug_macro   0x00000000       0x22 main.o
 .debug_macro   0x00000000      0x9bf main.o
 .debug_macro   0x00000000      0x575 main.o
 .debug_macro   0x00000000     0x3ac8 main.o
 .debug_macro   0x00000000      0x15b main.o
 .text          0x00000000        0x0 c:/program files (x86)/atmel/studio/7.0/toolchain/arm/arm-gnu-toolchain/bin/../lib/gcc/arm-none-eabi/6.2.1/../../../../arm-none-eabi/lib/thumb/v7e-m\libc.a(lib_a-exit.o)
 .data          0x00000000        0x0 c:/program files (x86)/atmel/studio/7.0/toolchain/arm/arm-gnu-toolchain/bin/../lib/gcc/arm-none-eabi/6.2.1/../../../../arm-none-eabi/lib/thumb/v7e-m\libc.a(lib_a-exit.o)
 .bss           0x00000000        0x0 c:/program files (x86)/atmel/studio/7.0/toolchain/arm/arm-gnu-toolchain/bin/../lib/gcc/arm-none-eabi/6.2.1/../../../../arm-none-eabi/lib/thumb/v7e-m\libc.a(lib_a-exit.o)
 .text.exit     0x00000000       0x20 c:/program files (x86)/atmel/studio/7.0/toolchain/arm/arm-gnu-toolchain/bin/../lib/gcc/arm-none-eabi/6.2.1/../../../../arm-none-eabi/lib/thumb/v7e-m\libc.a(lib_a-exit.o)
 .debug_frame   0x00000000       0x28 c:/program files (x86)/atmel/studio/7.0/toolchain/arm/arm-gnu-toolchain/bin/../lib/gcc/arm-none-eabi/6.2.1/../../../../arm-none-eabi/lib/thumb/v7e-m\libc.a(lib_a-exit.o)
 .ARM.attributes
                0x00000000       0x2e c:/program files (x86)/atmel/studio/7.0/toolchain/arm/arm-gnu-toolchain/bin/../lib/gcc/arm-none-eabi/6.2.1/../../../../arm-none-eabi/lib/thumb/v7e-m\libc.a(lib_a-exit.o)
 .text          0x00000000        0x0 c:/program files (x86)/atmel/studio/7.0/toolchain/arm/arm-gnu-toolchain/bin/../lib/gcc/arm-none-eabi/6.2.1/../../../../arm-none-eabi/lib/thumb/v7e-m\libc.a(lib_a-impure.o)
 .data          0x00000000        0x0 c:/program files (x86)/atmel/studio/7.0/toolchain/arm/arm-gnu-toolchain/bin/../lib/gcc/arm-none-eabi/6.2.1/../../../../arm-none-eabi/lib/thumb/v7e-m\libc.a(lib_a-impure.o)
 .bss           0x00000000        0x0 c:/program files (x86)/atmel/studio/7.0/toolchain/arm/arm-gnu-toolchain/bin/../lib/gcc/arm-none-eabi/6.2.1/../../../../arm-none-eabi/lib/thumb/v7e-m\libc.a(lib_a-impure.o)
 .data._impure_ptr
                0x00000000        0x4 c:/program files (x86)/atmel/studio/7.0/toolchain/arm/arm-gnu-toolchain/bin/../lib/gcc/arm-none-eabi/6.2.1/../../../../arm-none-eabi/lib/thumb/v7e-m\libc.a(lib_a-impure.o)
 .text          0x00000000        0x0 c:/program files (x86)/atmel/studio/7.0/toolchain/arm/arm-gnu-toolchain/bin/../lib/gcc/arm-none-eabi/6.2.1/../../../../arm-none-eabi/lib/thumb/v7e-m\libc.a(lib_a-init.o)
 .data          0x00000000        0x0 c:/program files (x86)/atmel/studio/7.0/toolchain/arm/arm-gnu-toolchain/bin/../lib/gcc/arm-none-eabi/6.2.1/../../../../arm-none-eabi/lib/thumb/v7e-m\libc.a(lib_a-init.o)
 .bss           0x00000000        0x0 c:/program files (x86)/atmel/studio/7.0/toolchain/arm/arm-gnu-toolchain/bin/../lib/gcc/arm-none-eabi/6.2.1/../../../../arm-none-eabi/lib/thumb/v7e-m\libc.a(lib_a-init.o)
 .text          0x00000000        0x0 c:/program files (x86)/atmel/studio/7.0/toolchain/arm/arm-gnu-toolchain/bin/../lib/gcc/arm-none-eabi/6.2.1/../../../../arm-none-eabi/lib/thumb/v7e-m\libc.a(lib_a-memset.o)
 .data          0x00000000        0x0 c:/program files (x86)/atmel/studio/7.0/toolchain/arm/arm-gnu-toolchain/bin/../lib/gcc/arm-none-eabi/6.2.1/../../../../arm-none-eabi/lib/thumb/v7e-m\libc.a(lib_a-memset.o)
 .bss           0x00000000        0x0 c:/program files (x86)/atmel/studio/7.0/toolchain/arm/arm-gnu-toolchain/bin/../lib/gcc/arm-none-eabi/6.2.1/../../../../arm-none-eabi/lib/thumb/v7e-m\libc.a(lib_a-memset.o)
 .text.memset   0x00000000       0x9c c:/program files (x86)/atmel/studio/7.0/toolchain/arm/arm-gnu-toolchain/bin/../lib/gcc/arm-none-eabi/6.2.1/../../../../arm-none-eabi/lib/thumb/v7e-m\libc.a(lib_a-memset.o)
 .debug_frame   0x00000000       0x34 c:/program files (x86)/atmel/studio/7.0/toolchain/arm/arm-gnu-toolchain/bin/../lib/gcc/arm-none-eabi/6.2.1/../../../../arm-none-eabi/lib/thumb/v7e-m\libc.a(lib_a-memset.o)
 .ARM.attributes
                0x00000000       0x2e c:/program files (x86)/atmel/studio/7.0/toolchain/arm/arm-gnu-toolchain/bin/../lib/gcc/arm-none-eabi/6.2.1/../../../../arm-none-eabi/lib/thumb/v7e-m\libc.a(lib_a-memset.o)
 .text          0x00000000        0x0 c:/program files (x86)/atmel/studio/7.0/toolchain/arm/arm-gnu-toolchain/bin/../lib/gcc/arm-none-eabi/6.2.1/../../../../arm-none-eabi/lib/thumb/v7e-m\libc.a(lib_a-__call_atexit.o)
 .data          0x00000000        0x0 c:/program files (x86)/atmel/studio/7.0/toolchain/arm/arm-gnu-toolchain/bin/../lib/gcc/arm-none-eabi/6.2.1/../../../../arm-none-eabi/lib/thumb/v7e-m\libc.a(lib_a-__call_atexit.o)
 .bss           0x00000000        0x0 c:/program files (x86)/atmel/studio/7.0/toolchain/arm/arm-gnu-toolchain/bin/../lib/gcc/arm-none-eabi/6.2.1/../../../../arm-none-eabi/lib/thumb/v7e-m\libc.a(lib_a-__call_atexit.o)
 .text.__call_exitprocs
                0x00000000       0xd4 c:/program files (x86)/atmel/studio/7.0/toolchain/arm/arm-gnu-toolchain/bin/../lib/gcc/arm-none-eabi/6.2.1/../../../../arm-none-eabi/lib/thumb/v7e-m\libc.a(lib_a-__call_atexit.o)
 .text          0x00000000        0x0 c:/program files (x86)/atmel/studio/7.0/toolchain/arm/arm-gnu-toolchain/bin/../lib/gcc/arm-none-eabi/6.2.1/../../../../arm-none-eabi/lib/thumb/v7e-m\libc.a(lib_a-atexit.o)
 .data          0x00000000        0x0 c:/program files (x86)/atmel/studio/7.0/toolchain/arm/arm-gnu-toolchain/bin/../lib/gcc/arm-none-eabi/6.2.1/../../../../arm-none-eabi/lib/thumb/v7e-m\libc.a(lib_a-atexit.o)
 .bss           0x00000000        0x0 c:/program files (x86)/atmel/studio/7.0/toolchain/arm/arm-gnu-toolchain/bin/../lib/gcc/arm-none-eabi/6.2.1/../../../../arm-none-eabi/lib/thumb/v7e-m\libc.a(lib_a-atexit.o)
 .text          0x00000000        0x0 c:/program files (x86)/atmel/studio/7.0/toolchain/arm/arm-gnu-toolchain/bin/../lib/gcc/arm-none-eabi/6.2.1/../../../../arm-none-eabi/lib/thumb/v7e-m\libc.a(lib_a-fini.o)
 .data          0x00000000        0x0 c:/program files (x86)/atmel/studio/7.0/toolchain/arm/arm-gnu-toolchain/bin/../lib/gcc/arm-none-eabi/6.2.1/../../../../arm-none-eabi/lib/thumb/v7e-m\libc.a(lib_a-fini.o)
 .bss           0x00000000        0x0 c:/program files (x86)/atmel/studio/7.0/toolchain/arm/arm-gnu-toolchain/bin/../lib/gcc/arm-none-eabi/6.2.1/../../../../arm-none-eabi/lib/thumb/v7e-m\libc.a(lib_a-fini.o)
 .text          0x00000000        0x0 c:/program files (x86)/atmel/studio/7.0/toolchain/arm/arm-gnu-toolchain/bin/../lib/gcc/arm-none-eabi/6.2.1/../../../../arm-none-eabi/lib/thumb/v7e-m\libc.a(lib_a-__atexit.o)
 .data          0x00000000        0x0 c:/program files (x86)/atmel/studio/7.0/toolchain/arm/arm-gnu-toolchain/bin/../lib/gcc/arm-none-eabi/6.2.1/../../../../arm-none-eabi/lib/thumb/v7e-m\libc.a(lib_a-__atexit.o)
 .bss           0x00000000        0x0 c:/program files (x86)/atmel/studio/7.0/toolchain/arm/arm-gnu-toolchain/bin/../lib/gcc/arm-none-eabi/6.2.1/../../../../arm-none-eabi/lib/thumb/v7e-m\libc.a(lib_a-__atexit.o)
 .text          0x00000000        0x0 c:/program files (x86)/atmel/studio/7.0/toolchain/arm/arm-gnu-toolchain/bin/../lib/gcc/arm-none-eabi/6.2.1/thumb/v7e-m/crtend.o
 .data          0x00000000        0x0 c:/program files (x86)/atmel/studio/7.0/toolchain/arm/arm-gnu-toolchain/bin/../lib/gcc/arm-none-eabi/6.2.1/thumb/v7e-m/crtend.o
 .bss           0x00000000        0x0 c:/program files (x86)/atmel/studio/7.0/toolchain/arm/arm-gnu-toolchain/bin/../lib/gcc/arm-none-eabi/6.2.1/thumb/v7e-m/crtend.o
 .eh_frame      0x00000000        0x4 c:/program files (x86)/atmel/studio/7.0/toolchain/arm/arm-gnu-toolchain/bin/../lib/gcc/arm-none-eabi/6.2.1/thumb/v7e-m/crtend.o
 .jcr           0x00000000        0x4 c:/program files (x86)/atmel/studio/7.0/toolchain/arm/arm-gnu-toolchain/bin/../lib/gcc/arm-none-eabi/6.2.1/thumb/v7e-m/crtend.o
 .ARM.attributes
                0x00000000       0x2e c:/program files (x86)/atmel/studio/7.0/toolchain/arm/arm-gnu-toolchain/bin/../lib/gcc/arm-none-eabi/6.2.1/thumb/v7e-m/crtend.o
 .text          0x00000000        0x0 c:/program files (x86)/atmel/studio/7.0/toolchain/arm/arm-gnu-toolchain/bin/../lib/gcc/arm-none-eabi/6.2.1/thumb/v7e-m/crtn.o
 .data          0x00000000        0x0 c:/program files (x86)/atmel/studio/7.0/toolchain/arm/arm-gnu-toolchain/bin/../lib/gcc/arm-none-eabi/6.2.1/thumb/v7e-m/crtn.o
 .bss           0x00000000        0x0 c:/program files (x86)/atmel/studio/7.0/toolchain/arm/arm-gnu-toolchain/bin/../lib/gcc/arm-none-eabi/6.2.1/thumb/v7e-m/crtn.o

Memory Configuration

Name             Origin             Length             Attributes
rom              0x00400000         0x00200000         xr
ram              0x20400000         0x00060000         xrw
*default*        0x00000000         0xffffffff

Linker script and memory map

LOAD c:/program files (x86)/atmel/studio/7.0/toolchain/arm/arm-gnu-toolchain/bin/../lib/gcc/arm-none-eabi/6.2.1/thumb/v7e-m/crti.o
LOAD c:/program files (x86)/atmel/studio/7.0/toolchain/arm/arm-gnu-toolchain/bin/../lib/gcc/arm-none-eabi/6.2.1/thumb/v7e-m/crtbegin.o
LOAD c:/program files (x86)/atmel/studio/7.0/toolchain/arm/arm-gnu-toolchain/bin/../lib/gcc/arm-none-eabi/6.2.1/../../../../arm-none-eabi/lib/thumb/v7e-m/crt0.o
LOAD Device_Startup/startup_samv71q21.o
LOAD Device_Startup/system_samv71q21.o
LOAD main.o
START GROUP
LOAD c:/program files (x86)/atmel/studio/7.0/toolchain/arm/arm-gnu-toolchain/bin/../lib/gcc/arm-none-eabi/6.2.1/../../../../arm-none-eabi/lib/thumb/v7e-m\libm.a
END GROUP
START GROUP
LOAD c:/program files (x86)/atmel/studio/7.0/toolchain/arm/arm-gnu-toolchain/bin/../lib/gcc/arm-none-eabi/6.2.1/thumb/v7e-m\libgcc.a
LOAD c:/program files (x86)/atmel/studio/7.0/toolchain/arm/arm-gnu-toolchain/bin/../lib/gcc/arm-none-eabi/6.2.1/../../../../arm-none-eabi/lib/thumb/v7e-m\libc.a
END GROUP
LOAD c:/program files (x86)/atmel/studio/7.0/toolchain/arm/arm-gnu-toolchain/bin/../lib/gcc/arm-none-eabi/6.2.1/thumb/v7e-m/crtend.o
LOAD c:/program files (x86)/atmel/studio/7.0/toolchain/arm/arm-gnu-toolchain/bin/../lib/gcc/arm-none-eabi/6.2.1/thumb/v7e-m/crtn.o
                0x00000400                STACK_SIZE = DEFINED (STACK_SIZE)?STACK_SIZE:DEFINED (__stack_size__)?__stack_size__:0x400
                0x00000200                HEAP_SIZE = DEFINED (HEAP_SIZE)?HEAP_SIZE:DEFINED (__heap_size__)?__heap_size__:0x200

.text           0x00400000      0x410
                0x00400000                . = ALIGN (0x4)
                0x00400000                _sfixed = .
 *(.vectors .vectors.*)
 .vectors       0x00400000      0x140 Device_Startup/startup_samv71q21.o
                0x00400000                exception_table
 *(.text .text.* .gnu.linkonce.t.*)
 .text          0x00400140       0x6c c:/program files (x86)/atmel/studio/7.0/toolchain/arm/arm-gnu-toolchain/bin/../lib/gcc/arm-none-eabi/6.2.1/thumb/v7e-m/crtbegin.o
 .text.Dummy_Handler
                0x004001ac        0x2 Device_Startup/startup_samv71q21.o
                0x004001ac                DACC_Handler
                0x004001ac                DebugMon_Handler
                0x004001ac                UART3_Handler
                0x004001ac                UART2_Handler
                0x004001ac                TRNG_Handler
                0x004001ac                HardFault_Handler
                0x004001ac                TC2_Handler
                0x004001ac                SysTick_Handler
                0x004001ac                AFEC1_Handler
                0x004001ac                PendSV_Handler
                0x004001ac                NMI_Handler
                0x004001ac                TC7_Handler
                0x004001ac                QSPI_Handler
                0x004001ac                ISI_Handler
                0x004001ac                TC9_Handler
                0x004001ac                RSWDT_Handler
                0x004001ac                MCAN1_Handler
                0x004001ac                USART0_Handler
                0x004001ac                RTT_Handler
                0x004001ac                USBHS_Handler
                0x004001ac                PIOB_Handler
                0x004001ac                RTC_Handler
                0x004001ac                UsageFault_Handler
                0x004001ac                TC6_Handler
                0x004001ac                WDT_Handler
                0x004001ac                TC4_Handler
                0x004001ac                TC1_Handler
                0x004001ac                HSMCI_Handler
                0x004001ac                UART1_Handler
                0x004001ac                TC3_Handler
                0x004001ac                Dummy_Handler
                0x004001ac                TWIHS1_Handler
                0x004001ac                XDMAC_Handler
                0x004001ac                UART4_Handler
                0x004001ac                PWM1_Handler
                0x004001ac                USART1_Handler
                0x004001ac                PWM0_Handler
                0x004001ac                PIOA_Handler
                0x004001ac                AFEC0_Handler
                0x004001ac                SSC_Handler
                0x004001ac                TC11_Handler
                0x004001ac                ACC_Handler
                0x004001ac                PMC_Handler
                0x004001ac                GMAC_Handler
                0x004001ac                MemManage_Handler
                0x004001ac                SUPC_Handler
                0x004001ac                SVC_Handler
                0x004001ac                TC8_Handler
                0x004001ac                EFC_Handler
                0x004001ac                USART2_Handler
                0x004001ac                SDRAMC_Handler
                0x004001ac                PIOE_Handler
                0x004001ac                SPI1_Handler
                0x004001ac                MCAN0_Handler
                0x004001ac                TC10_Handler
                0x004001ac                PIOD_Handler
                0x004001ac                TWIHS2_Handler
                0x004001ac                MLB_Handler
                0x004001ac                UART0_Handler
                0x004001ac                PIOC_Handler
                0x004001ac                BusFault_Handler
                0x004001ac                RSTC_Handler
                0x004001ac                TC0_Handler
                0x004001ac                TC5_Handler
                0x004001ac                ICM_Handler
                0x004001ac                AES_Handler
                0x004001ac                TWIHS0_Handler
                0x004001ac                SPI0_Handler
 *fill*         0x004001ae        0x2 
 .text.Reset_Handler
                0x004001b0       0x84 Device_Startup/startup_samv71q21.o
                0x004001b0                Reset_Handler
 .text.SystemInit
                0x00400234       0x10 Device_Startup/system_samv71q21.o
                0x00400234                SystemInit
 .text.UART_init
                0x00400244       0x28 main.o
                0x00400244                UART_init
 .text.UART_Transmit
                0x0040026c       0x18 main.o
                0x0040026c                UART_Transmit
 .text.main     0x00400284       0x1c main.o
                0x00400284                main
 .text.__libc_init_array
                0x004002a0       0x50 c:/program files (x86)/atmel/studio/7.0/toolchain/arm/arm-gnu-toolchain/bin/../lib/gcc/arm-none-eabi/6.2.1/../../../../arm-none-eabi/lib/thumb/v7e-m\libc.a(lib_a-init.o)
                0x004002a0                __libc_init_array
 .text.startup.register_fini
                0x004002f0       0x14 c:/program files (x86)/atmel/studio/7.0/toolchain/arm/arm-gnu-toolchain/bin/../lib/gcc/arm-none-eabi/6.2.1/../../../../arm-none-eabi/lib/thumb/v7e-m\libc.a(lib_a-__call_atexit.o)
 .text.atexit   0x00400304        0xc c:/program files (x86)/atmel/studio/7.0/toolchain/arm/arm-gnu-toolchain/bin/../lib/gcc/arm-none-eabi/6.2.1/../../../../arm-none-eabi/lib/thumb/v7e-m\libc.a(lib_a-atexit.o)
                0x00400304                atexit
 .text.__libc_fini_array
                0x00400310       0x34 c:/program files (x86)/atmel/studio/7.0/toolchain/arm/arm-gnu-toolchain/bin/../lib/gcc/arm-none-eabi/6.2.1/../../../../arm-none-eabi/lib/thumb/v7e-m\libc.a(lib_a-fini.o)
                0x00400310                __libc_fini_array
 .text.__register_exitproc
                0x00400344       0xa4 c:/program files (x86)/atmel/studio/7.0/toolchain/arm/arm-gnu-toolchain/bin/../lib/gcc/arm-none-eabi/6.2.1/../../../../arm-none-eabi/lib/thumb/v7e-m\libc.a(lib_a-__atexit.o)
                0x00400344                __register_exitproc
 *(.glue_7t)
 .glue_7t       0x004003e8        0x0 linker stubs
 *(.glue_7)
 .glue_7        0x004003e8        0x0 linker stubs
 *(.rodata .rodata* .gnu.linkonce.r.*)
 .rodata._global_impure_ptr
                0x004003e8        0x4 c:/program files (x86)/atmel/studio/7.0/toolchain/arm/arm-gnu-toolchain/bin/../lib/gcc/arm-none-eabi/6.2.1/../../../../arm-none-eabi/lib/thumb/v7e-m\libc.a(lib_a-impure.o)
                0x004003e8                _global_impure_ptr
 *(.ARM.extab* .gnu.linkonce.armextab.*)
                0x004003ec                . = ALIGN (0x4)
 *(.init)
 .init          0x004003ec        0x4 c:/program files (x86)/atmel/studio/7.0/toolchain/arm/arm-gnu-toolchain/bin/../lib/gcc/arm-none-eabi/6.2.1/thumb/v7e-m/crti.o
                0x004003ec                _init
 .init          0x004003f0        0x8 c:/program files (x86)/atmel/studio/7.0/toolchain/arm/arm-gnu-toolchain/bin/../lib/gcc/arm-none-eabi/6.2.1/thumb/v7e-m/crtn.o
                0x004003f8                . = ALIGN (0x4)
                0x004003f8                __preinit_array_start = .
 *(.preinit_array)
                0x004003f8                __preinit_array_end = .
                0x004003f8                . = ALIGN (0x4)
                0x004003f8                __init_array_start = .
 *(SORT(.init_array.*))
 .init_array.00000
                0x004003f8        0x4 c:/program files (x86)/atmel/studio/7.0/toolchain/arm/arm-gnu-toolchain/bin/../lib/gcc/arm-none-eabi/6.2.1/../../../../arm-none-eabi/lib/thumb/v7e-m\libc.a(lib_a-__call_atexit.o)
 *(.init_array)
 .init_array    0x004003fc        0x4 c:/program files (x86)/atmel/studio/7.0/toolchain/arm/arm-gnu-toolchain/bin/../lib/gcc/arm-none-eabi/6.2.1/thumb/v7e-m/crtbegin.o
                0x00400400                __init_array_end = .
                0x00400400                . = ALIGN (0x4)
 *crtbegin.o(.ctors)
 *(EXCLUDE_FILE(*crtend.o) .ctors)
 *(SORT(.ctors.*))
 *crtend.o(.ctors)
                0x00400400                . = ALIGN (0x4)
 *(.fini)
 .fini          0x00400400        0x4 c:/program files (x86)/atmel/studio/7.0/toolchain/arm/arm-gnu-toolchain/bin/../lib/gcc/arm-none-eabi/6.2.1/thumb/v7e-m/crti.o
                0x00400400                _fini
 .fini          0x00400404        0x8 c:/program files (x86)/atmel/studio/7.0/toolchain/arm/arm-gnu-toolchain/bin/../lib/gcc/arm-none-eabi/6.2.1/thumb/v7e-m/crtn.o
                0x0040040c                . = ALIGN (0x4)
                0x0040040c                __fini_array_start = .
 *(.fini_array)
 .fini_array    0x0040040c        0x4 c:/program files (x86)/atmel/studio/7.0/toolchain/arm/arm-gnu-toolchain/bin/../lib/gcc/arm-none-eabi/6.2.1/thumb/v7e-m/crtbegin.o
 *(SORT(.fini_array.*))
                0x00400410                __fini_array_end = .
 *crtbegin.o(.dtors)
 *(EXCLUDE_FILE(*crtend.o) .dtors)
 *(SORT(.dtors.*))
 *crtend.o(.dtors)
                0x00400410                . = ALIGN (0x4)
                0x00400410                _efixed = .
                [!provide]                PROVIDE (__exidx_start, .)

.vfp11_veneer   0x00400410        0x0
 .vfp11_veneer  0x00400410        0x0 linker stubs

.v4_bx          0x00400410        0x0
 .v4_bx         0x00400410        0x0 linker stubs

.iplt           0x00400410        0x0
 .iplt          0x00400410        0x0 c:/program files (x86)/atmel/studio/7.0/toolchain/arm/arm-gnu-toolchain/bin/../lib/gcc/arm-none-eabi/6.2.1/thumb/v7e-m/crtbegin.o

.eh_frame       0x00400410        0x0
 .eh_frame      0x00400410        0x0 c:/program files (x86)/atmel/studio/7.0/toolchain/arm/arm-gnu-toolchain/bin/../lib/gcc/arm-none-eabi/6.2.1/thumb/v7e-m/crtbegin.o

.rel.dyn        0x00400410        0x0
 .rel.iplt      0x00400410        0x0 c:/program files (x86)/atmel/studio/7.0/toolchain/arm/arm-gnu-toolchain/bin/../lib/gcc/arm-none-eabi/6.2.1/thumb/v7e-m/crtbegin.o

.jcr            0x00400410        0x0
 .jcr           0x00400410        0x0 c:/program files (x86)/atmel/studio/7.0/toolchain/arm/arm-gnu-toolchain/bin/../lib/gcc/arm-none-eabi/6.2.1/thumb/v7e-m/crtbegin.o

.igot.plt       0x00400410        0x0
 .igot.plt      0x00400410        0x0 c:/program files (x86)/atmel/studio/7.0/toolchain/arm/arm-gnu-toolchain/bin/../lib/gcc/arm-none-eabi/6.2.1/thumb/v7e-m/crtbegin.o

.ARM.exidx
 *(.ARM.exidx* .gnu.linkonce.armexidx.*)
                [!provide]                PROVIDE (__exidx_end, .)
                0x00400410                . = ALIGN (0x4)
                0x00400410                _etext = .

.relocate       0x20400000      0x430 load address 0x00400410
                0x20400000                . = ALIGN (0x4)
                0x20400000                _srelocate = .
 *(.ramfunc .ramfunc.*)
 *(.data .data.*)
 .data          0x20400000        0x4 Device_Startup/system_samv71q21.o
                0x20400000                SystemCoreClock
 *fill*         0x20400004        0x4 
 .data.impure_data
                0x20400008      0x428 c:/program files (x86)/atmel/studio/7.0/toolchain/arm/arm-gnu-toolchain/bin/../lib/gcc/arm-none-eabi/6.2.1/../../../../arm-none-eabi/lib/thumb/v7e-m\libc.a(lib_a-impure.o)
                0x20400430                . = ALIGN (0x4)
                0x20400430                _erelocate = .

.bss            0x20400430       0x1c load address 0x00400840
                0x20400430                . = ALIGN (0x4)
                0x20400430                _sbss = .
                0x20400430                _szero = .
 *(.bss .bss.*)
 .bss           0x20400430       0x1c c:/program files (x86)/atmel/studio/7.0/toolchain/arm/arm-gnu-toolchain/bin/../lib/gcc/arm-none-eabi/6.2.1/thumb/v7e-m/crtbegin.o
 *(COMMON)
                0x2040044c                . = ALIGN (0x4)
                0x2040044c                _ebss = .
                0x2040044c                _ezero = .

.heap           0x2040044c      0x204 load address 0x0040085c
                0x20400450                . = ALIGN (0x8)
 *fill*         0x2040044c        0x4 
                0x20400450                _sheap = .
                0x20400650                . = (. + HEAP_SIZE)
 *fill*         0x20400450      0x200 
                0x20400650                . = ALIGN (0x8)
                0x20400650                _eheap = .

.stack          0x20400650      0x400 load address 0x00400a60
                0x20400650                . = ALIGN (0x8)
                0x20400650                _sstack = .
                0x20400a50                . = (. + STACK_SIZE)
 *fill*         0x20400650      0x400 
                0x20400a50                . = ALIGN (0x8)
                0x20400a50                _estack = .
                0x20400a50                . = ALIGN (0x4)
                0x20400a50                _end = .
                0x2045ffff                _ram_end_ = ((ORIGIN (ram) + LENGTH (ram)) - 0x1)
OUTPUT(SAMV71_SERIAL_COMM.elf elf32-littlearm)

.ARM.attributes
                0x00000000       0x2a
 .ARM.attributes
                0x00000000       0x1e c:/program files (x86)/atmel/studio/7.0/toolchain/arm/arm-gnu-toolchain/bin/../lib/gcc/arm-none-eabi/6.2.1/thumb/v7e-m/crti.o
 .ARM.attributes
                0x0000001e       0x2e c:/program files (x86)/atmel/studio/7.0/toolchain/arm/arm-gnu-toolchain/bin/../lib/gcc/arm-none-eabi/6.2.1/thumb/v7e-m/crtbegin.o
 .ARM.attributes
                0x0000004c       0x33 Device_Startup/startup_samv71q21.o
 .ARM.attributes
                0x0000007f       0x33 Device_Startup/system_samv71q21.o
 .ARM.attributes
                0x000000b2       0x33 main.o
 .ARM.attributes
                0x000000e5       0x2e c:/program files (x86)/atmel/studio/7.0/toolchain/arm/arm-gnu-toolchain/bin/../lib/gcc/arm-none-eabi/6.2.1/../../../../arm-none-eabi/lib/thumb/v7e-m\libc.a(lib_a-impure.o)
 .ARM.attributes
                0x00000113       0x2e c:/program files (x86)/atmel/studio/7.0/toolchain/arm/arm-gnu-toolchain/bin/../lib/gcc/arm-none-eabi/6.2.1/../../../../arm-none-eabi/lib/thumb/v7e-m\libc.a(lib_a-init.o)
 .ARM.attributes
                0x00000141       0x2e c:/program files (x86)/atmel/studio/7.0/toolchain/arm/arm-gnu-toolchain/bin/../lib/gcc/arm-none-eabi/6.2.1/../../../../arm-none-eabi/lib/thumb/v7e-m\libc.a(lib_a-__call_atexit.o)
 .ARM.attributes
                0x0000016f       0x2e c:/program files (x86)/atmel/studio/7.0/toolchain/arm/arm-gnu-toolchain/bin/../lib/gcc/arm-none-eabi/6.2.1/../../../../arm-none-eabi/lib/thumb/v7e-m\libc.a(lib_a-atexit.o)
 .ARM.attributes
                0x0000019d       0x2e c:/program files (x86)/atmel/studio/7.0/toolchain/arm/arm-gnu-toolchain/bin/../lib/gcc/arm-none-eabi/6.2.1/../../../../arm-none-eabi/lib/thumb/v7e-m\libc.a(lib_a-fini.o)
 .ARM.attributes
                0x000001cb       0x2e c:/program files (x86)/atmel/studio/7.0/toolchain/arm/arm-gnu-toolchain/bin/../lib/gcc/arm-none-eabi/6.2.1/../../../../arm-none-eabi/lib/thumb/v7e-m\libc.a(lib_a-__atexit.o)
 .ARM.attributes
                0x000001f9       0x1e c:/program files (x86)/atmel/studio/7.0/toolchain/arm/arm-gnu-toolchain/bin/../lib/gcc/arm-none-eabi/6.2.1/thumb/v7e-m/crtn.o

.comment        0x00000000       0x59
 .comment       0x00000000       0x59 Device_Startup/startup_samv71q21.o
                                 0x5a (size before relaxing)
 .comment       0x00000059       0x5a Device_Startup/system_samv71q21.o
 .comment       0x00000059       0x5a main.o

.debug_info     0x00000000      0xdbc
 .debug_info    0x00000000      0xa6c Device_Startup/startup_samv71q21.o
 .debug_info    0x00000a6c       0xf6 Device_Startup/system_samv71q21.o
 .debug_info    0x00000b62      0x25a main.o

.debug_abbrev   0x00000000      0x2b7
 .debug_abbrev  0x00000000      0x153 Device_Startup/startup_samv71q21.o
 .debug_abbrev  0x00000153       0x7d Device_Startup/system_samv71q21.o
 .debug_abbrev  0x000001d0       0xe7 main.o

.debug_loc      0x00000000       0x8b
 .debug_loc     0x00000000       0x6b Device_Startup/startup_samv71q21.o
 .debug_loc     0x0000006b       0x20 main.o

.debug_aranges  0x00000000       0x80
 .debug_aranges
                0x00000000       0x28 Device_Startup/startup_samv71q21.o
 .debug_aranges
                0x00000028       0x28 Device_Startup/system_samv71q21.o
 .debug_aranges
                0x00000050       0x30 main.o

.debug_ranges   0x00000000       0x50
 .debug_ranges  0x00000000       0x18 Device_Startup/startup_samv71q21.o
 .debug_ranges  0x00000018       0x18 Device_Startup/system_samv71q21.o
 .debug_ranges  0x00000030       0x20 main.o

.debug_macro    0x00000000    0x32c51
 .debug_macro   0x00000000      0x44d Device_Startup/startup_samv71q21.o
 .debug_macro   0x0000044d      0x8aa Device_Startup/startup_samv71q21.o
 .debug_macro   0x00000cf7       0x22 Device_Startup/startup_samv71q21.o
 .debug_macro   0x00000d19       0x87 Device_Startup/startup_samv71q21.o
 .debug_macro   0x00000da0       0x51 Device_Startup/startup_samv71q21.o
 .debug_macro   0x00000df1       0xef Device_Startup/startup_samv71q21.o
 .debug_macro   0x00000ee0       0x6a Device_Startup/startup_samv71q21.o
 .debug_macro   0x00000f4a      0x1df Device_Startup/startup_samv71q21.o
 .debug_macro   0x00001129       0x76 Device_Startup/startup_samv71q21.o
 .debug_macro   0x0000119f       0x3b Device_Startup/startup_samv71q21.o
 .debug_macro   0x000011da       0x2d Device_Startup/startup_samv71q21.o
 .debug_macro   0x00001207       0x26 Device_Startup/startup_samv71q21.o
 .debug_macro   0x0000122d      0xf9a Device_Startup/startup_samv71q21.o
 .debug_macro   0x000021c7      0x419 Device_Startup/startup_samv71q21.o
 .debug_macro   0x000025e0      0x726 Device_Startup/startup_samv71q21.o
 .debug_macro   0x00002d06     0x17ce Device_Startup/startup_samv71q21.o
 .debug_macro   0x000044d4      0x3b6 Device_Startup/startup_samv71q21.o
 .debug_macro   0x0000488a      0x868 Device_Startup/startup_samv71q21.o
 .debug_macro   0x000050f2      0x34d Device_Startup/startup_samv71q21.o
 .debug_macro   0x0000543f     0x3520 Device_Startup/startup_samv71q21.o
 .debug_macro   0x0000895f       0x40 Device_Startup/startup_samv71q21.o
 .debug_macro   0x0000899f     0x1099 Device_Startup/startup_samv71q21.o
 .debug_macro   0x00009a38      0x772 Device_Startup/startup_samv71q21.o
 .debug_macro   0x0000a1aa      0xbbc Device_Startup/startup_samv71q21.o
 .debug_macro   0x0000ad66      0x591 Device_Startup/startup_samv71q21.o
 .debug_macro   0x0000b2f7     0x32d0 Device_Startup/startup_samv71q21.o
 .debug_macro   0x0000e5c7      0x6ba Device_Startup/startup_samv71q21.o
 .debug_macro   0x0000ec81     0x8439 Device_Startup/startup_samv71q21.o
 .debug_macro   0x000170ba     0x32a8 Device_Startup/startup_samv71q21.o
 .debug_macro   0x0001a362     0x247e Device_Startup/startup_samv71q21.o
 .debug_macro   0x0001c7e0      0x8b6 Device_Startup/startup_samv71q21.o
 .debug_macro   0x0001d096      0x17d Device_Startup/startup_samv71q21.o
 .debug_macro   0x0001d213      0x116 Device_Startup/startup_samv71q21.o
 .debug_macro   0x0001d329      0x98d Device_Startup/startup_samv71q21.o
 .debug_macro   0x0001dcb6      0x121 Device_Startup/startup_samv71q21.o
 .debug_macro   0x0001ddd7      0x538 Device_Startup/startup_samv71q21.o
 .debug_macro   0x0001e30f      0x41e Device_Startup/startup_samv71q21.o
 .debug_macro   0x0001e72d      0x6d5 Device_Startup/startup_samv71q21.o
 .debug_macro   0x0001ee02      0xb9b Device_Startup/startup_samv71q21.o
 .debug_macro   0x0001f99d      0xf3a Device_Startup/startup_samv71q21.o
 .debug_macro   0x000208d7      0xbea Device_Startup/startup_samv71q21.o
 .debug_macro   0x000214c1      0x15d Device_Startup/startup_samv71q21.o
 .debug_macro   0x0002161e      0xc96 Device_Startup/startup_samv71q21.o
 .debug_macro   0x000222b4      0x652 Device_Startup/startup_samv71q21.o
 .debug_macro   0x00022906     0x1242 Device_Startup/startup_samv71q21.o
 .debug_macro   0x00023b48     0x364a Device_Startup/startup_samv71q21.o
 .debug_macro   0x00027192       0xb2 Device_Startup/startup_samv71q21.o
 .debug_macro   0x00027244      0x12c Device_Startup/startup_samv71q21.o
 .debug_macro   0x00027370     0x27be Device_Startup/startup_samv71q21.o
 .debug_macro   0x00029b2e       0x4c Device_Startup/startup_samv71q21.o
 .debug_macro   0x00029b7a      0x14c Device_Startup/startup_samv71q21.o
 .debug_macro   0x00029cc6       0xca Device_Startup/startup_samv71q21.o
 .debug_macro   0x00029d90       0xca Device_Startup/startup_samv71q21.o
 .debug_macro   0x00029e5a       0x16 Device_Startup/startup_samv71q21.o
 .debug_macro   0x00029e70       0x7c Device_Startup/startup_samv71q21.o
 .debug_macro   0x00029eec       0x46 Device_Startup/startup_samv71q21.o
 .debug_macro   0x00029f32      0x574 Device_Startup/startup_samv71q21.o
 .debug_macro   0x0002a4a6       0x40 Device_Startup/startup_samv71q21.o
 .debug_macro   0x0002a4e6      0x7ce Device_Startup/startup_samv71q21.o
 .debug_macro   0x0002acb4       0xa6 Device_Startup/startup_samv71q21.o
 .debug_macro   0x0002ad5a       0xac Device_Startup/startup_samv71q21.o
 .debug_macro   0x0002ae06      0x12f Device_Startup/startup_samv71q21.o
 .debug_macro   0x0002af35      0x126 Device_Startup/startup_samv71q21.o
 .debug_macro   0x0002b05b      0x126 Device_Startup/startup_samv71q21.o
 .debug_macro   0x0002b181       0xe8 Device_Startup/startup_samv71q21.o
 .debug_macro   0x0002b269      0x185 Device_Startup/startup_samv71q21.o
 .debug_macro   0x0002b3ee      0x17e Device_Startup/startup_samv71q21.o
 .debug_macro   0x0002b56c      0x17e Device_Startup/startup_samv71q21.o
 .debug_macro   0x0002b6ea      0x17e Device_Startup/startup_samv71q21.o
 .debug_macro   0x0002b868      0x17e Device_Startup/startup_samv71q21.o
 .debug_macro   0x0002b9e6      0x136 Device_Startup/startup_samv71q21.o
 .debug_macro   0x0002bb1c      0x31a Device_Startup/startup_samv71q21.o
 .debug_macro   0x0002be36      0x31a Device_Startup/startup_samv71q21.o
 .debug_macro   0x0002c150       0x82 Device_Startup/startup_samv71q21.o
 .debug_macro   0x0002c1d2       0x22 Device_Startup/startup_samv71q21.o
 .debug_macro   0x0002c1f4       0x22 Device_Startup/startup_samv71q21.o
 .debug_macro   0x0002c216       0x64 Device_Startup/startup_samv71q21.o
 .debug_macro   0x0002c27a       0x28 Device_Startup/startup_samv71q21.o
 .debug_macro   0x0002c2a2       0x64 Device_Startup/startup_samv71q21.o
 .debug_macro   0x0002c306       0x94 Device_Startup/startup_samv71q21.o
 .debug_macro   0x0002c39a       0x7c Device_Startup/startup_samv71q21.o
 .debug_macro   0x0002c416       0x7c Device_Startup/startup_samv71q21.o
 .debug_macro   0x0002c492       0x8e Device_Startup/startup_samv71q21.o
 .debug_macro   0x0002c520       0x3a Device_Startup/startup_samv71q21.o
 .debug_macro   0x0002c55a      0x14b Device_Startup/startup_samv71q21.o
 .debug_macro   0x0002c6a5      0x14b Device_Startup/startup_samv71q21.o
 .debug_macro   0x0002c7f0      0x14b Device_Startup/startup_samv71q21.o
 .debug_macro   0x0002c93b      0x14b Device_Startup/startup_samv71q21.o
 .debug_macro   0x0002ca86       0x3a Device_Startup/startup_samv71q21.o
 .debug_macro   0x0002cac0       0x88 Device_Startup/startup_samv71q21.o
 .debug_macro   0x0002cb48       0x88 Device_Startup/startup_samv71q21.o
 .debug_macro   0x0002cbd0       0x88 Device_Startup/startup_samv71q21.o
 .debug_macro   0x0002cc58       0x64 Device_Startup/startup_samv71q21.o
 .debug_macro   0x0002ccbc       0x64 Device_Startup/startup_samv71q21.o
 .debug_macro   0x0002cd20       0x64 Device_Startup/startup_samv71q21.o
 .debug_macro   0x0002cd84       0x64 Device_Startup/startup_samv71q21.o
 .debug_macro   0x0002cde8       0x64 Device_Startup/startup_samv71q21.o
 .debug_macro   0x0002ce4c       0xdc Device_Startup/startup_samv71q21.o
 .debug_macro   0x0002cf28       0xdc Device_Startup/startup_samv71q21.o
 .debug_macro   0x0002d004       0xdc Device_Startup/startup_samv71q21.o
 .debug_macro   0x0002d0e0      0x734 Device_Startup/startup_samv71q21.o
 .debug_macro   0x0002d814       0x16 Device_Startup/startup_samv71q21.o
 .debug_macro   0x0002d82a       0x22 Device_Startup/startup_samv71q21.o
 .debug_macro   0x0002d84c      0x9bf Device_Startup/startup_samv71q21.o
 .debug_macro   0x0002e20b      0x575 Device_Startup/startup_samv71q21.o
 .debug_macro   0x0002e780     0x3ac8 Device_Startup/startup_samv71q21.o
 .debug_macro   0x00032248      0x15b Device_Startup/startup_samv71q21.o
 .debug_macro   0x000323a3      0x453 Device_Startup/system_samv71q21.o
 .debug_macro   0x000327f6      0x45b main.o

.debug_line     0x00000000     0x1891
 .debug_line    0x00000000      0x836 Device_Startup/startup_samv71q21.o
 .debug_line    0x00000836      0x827 Device_Startup/system_samv71q21.o
 .debug_line    0x0000105d      0x834 main.o

.debug_str      0x00000000   0x12051d
 .debug_str     0x00000000   0x1203fa Device_Startup/startup_samv71q21.o
                             0x120ce0 (size before relaxing)
 .debug_str     0x001203fa       0x6f Device_Startup/system_samv71q21.o
                             0x1205f2 (size before relaxing)
 .debug_str     0x00120469       0xb4 main.o
                             0x120647 (size before relaxing)

.debug_frame    0x00000000      0x1b4
 .debug_frame   0x00000000       0x38 Device_Startup/startup_samv71q21.o
 .debug_frame   0x00000038       0x30 Device_Startup/system_samv71q21.o
 .debug_frame   0x00000068       0x48 main.o
 .debug_frame   0x000000b0       0x2c c:/program files (x86)/atmel/studio/7.0/toolchain/arm/arm-gnu-toolchain/bin/../lib/gcc/arm-none-eabi/6.2.1/../../../../arm-none-eabi/lib/thumb/v7e-m\libc.a(lib_a-init.o)
 .debug_frame   0x000000dc       0x50 c:/program files (x86)/atmel/studio/7.0/toolchain/arm/arm-gnu-toolchain/bin/../lib/gcc/arm-none-eabi/6.2.1/../../../../arm-none-eabi/lib/thumb/v7e-m\libc.a(lib_a-__call_atexit.o)
 .debug_frame   0x0000012c       0x20 c:/program files (x86)/atmel/studio/7.0/toolchain/arm/arm-gnu-toolchain/bin/../lib/gcc/arm-none-eabi/6.2.1/../../../../arm-none-eabi/lib/thumb/v7e-m\libc.a(lib_a-atexit.o)
 .debug_frame   0x0000014c       0x34 c:/program files (x86)/atmel/studio/7.0/toolchain/arm/arm-gnu-toolchain/bin/../lib/gcc/arm-none-eabi/6.2.1/../../../../arm-none-eabi/lib/thumb/v7e-m\libc.a(lib_a-fini.o)
 .debug_frame   0x00000180       0x34 c:/program files (x86)/atmel/studio/7.0/toolchain/arm/arm-gnu-toolchain/bin/../lib/gcc/arm-none-eabi/6.2.1/../../../../arm-none-eabi/lib/thumb/v7e-m\libc.a(lib_a-__atexit.o)
